[s1_base] {'seq_len': 168, 'label_len': 84, 'd_model': 32, 'n_heads': 4, 'e_layers': 1, 'd_layers': 1, 'd_ff': 64, 'kernel': 25, 'factor': 1.0, 'dropout': 0.05, 'target': 'log', 'cov_mode': 'future', 'lr': 0.001, 'batch': 64, 'stride': 1, 'lr_decay': 0.5}
[s1_base] params 21953 | block RMSE 77.88 ± 6.82 | MAE 53.57 | sMAPE 62.5 | best epochs [1, 1]
[s1_std] {'seq_len': 168, 'label_len': 84, 'd_model': 32, 'n_heads': 4, 'e_layers': 1, 'd_layers': 1, 'd_ff': 64, 'kernel': 25, 'factor': 1.0, 'dropout': 0.05, 'target': 'standard', 'cov_mode': 'future', 'lr': 0.001, 'batch': 64, 'stride': 1, 'lr_decay': 0.5}
[s1_std] params 21953 | block RMSE 69.01 ± 1.05 | MAE 55.77 | sMAPE 71.2 | best epochs [4, 2]
[s1_lr3e4] {'seq_len': 168, 'label_len': 84, 'd_model': 32, 'n_heads': 4, 'e_layers': 1, 'd_layers': 1, 'd_ff': 64, 'kernel': 25, 'factor': 1.0, 'dropout': 0.05, 'target': 'log', 'cov_mode': 'future', 'lr': 0.0003, 'batch': 64, 'stride': 1, 'lr_decay': 0.5}
[s1_lr3e4] params 21953 | block RMSE 68.84 ± 5.13 | MAE 47.69 | sMAPE 55.9 | best epochs [1, 1]
[s1_std_lr3e4] {'seq_len': 168, 'label_len': 84, 'd_model': 32, 'n_heads': 4, 'e_layers': 1, 'd_layers': 1, 'd_ff': 64, 'kernel': 25, 'factor': 1.0, 'dropout': 0.05, 'target': 'standard', 'cov_mode': 'future', 'lr': 0.0003, 'batch': 64, 'stride': 1, 'lr_decay': 0.5}
[s1_std_lr3e4] params 21953 | block RMSE 68.67 ± 1.79 | MAE 53.35 | sMAPE 71.3 | best epochs [2, 2]
[s1_seq96] {'seq_len': 96, 'label_len': 48, 'd_model': 32, 'n_heads': 4, 'e_layers': 1, 'd_layers': 1, 'd_ff': 64, 'kernel': 25, 'factor': 1.0, 'dropout': 0.05, 'target': 'log', 'cov_mode': 'future', 'lr': 0.001, 'batch': 64, 'stride': 1, 'lr_decay': 0.5}
[s1_seq96] params 21953 | block RMSE 81.21 ± 9.46 | MAE 55.79 | sMAPE 71.4 | best epochs [2, 2]
[s1_seq336] {'seq_len': 336, 'label_len': 168, 'd_model': 32, 'n_heads': 4, 'e_layers': 1, 'd_layers': 1, 'd_ff': 64, 'kernel': 25, 'factor': 1.0, 'dropout': 0.05, 'target': 'log', 'cov_mode': 'future', 'lr': 0.001, 'batch': 64, 'stride': 1, 'lr_decay': 0.5}
[s1_seq336] params 21953 | block RMSE 70.27 ± 4.66 | MAE 48.27 | sMAPE 53.9 | best epochs [3, 2]
[s1_d16] {'seq_len': 168, 'label_len': 84, 'd_model': 16, 'n_heads': 4, 'e_layers': 1, 'd_layers': 1, 'd_ff': 32, 'kernel': 25, 'factor': 1.0, 'dropout': 0.05, 'target': 'log', 'cov_mode': 'future', 'lr': 0.001, 'batch': 64, 'stride': 1, 'lr_decay': 0.5}
[s1_d16] params 5857 | block RMSE 65.70 ± 0.68 | MAE 45.40 | sMAPE 53.9 | best epochs [4, 1]
[s1_d64] {'seq_len': 168, 'label_len': 84, 'd_model': 64, 'n_heads': 4, 'e_layers': 1, 'd_layers': 1, 'd_ff': 128, 'kernel': 25, 'factor': 1.0, 'dropout': 0.05, 'target': 'log', 'cov_mode': 'future', 'lr': 0.001, 'batch': 64, 'stride': 1, 'lr_decay': 0.5}
[s1_d64] params 84865 | block RMSE 69.63 ± 4.08 | MAE 48.31 | sMAPE 56.8 | best epochs [5, 1]
[s1_drop1] {'seq_len': 168, 'label_len': 84, 'd_model': 32, 'n_heads': 4, 'e_layers': 1, 'd_layers': 1, 'd_ff': 64, 'kernel': 25, 'factor': 1.0, 'dropout': 0.1, 'target': 'log', 'cov_mode': 'future', 'lr': 0.001, 'batch': 64, 'stride': 1, 'lr_decay': 0.5}
[s1_drop1] params 21953 | block RMSE 80.70 ± 8.03 | MAE 55.01 | sMAPE 65.7 | best epochs [1, 3]
[s1_enc2] {'seq_len': 168, 'label_len': 84, 'd_model': 32, 'n_heads': 4, 'e_layers': 2, 'd_layers': 1, 'd_ff': 64, 'kernel': 25, 'factor': 1.0, 'dropout': 0.05, 'target': 'log', 'cov_mode': 'future', 'lr': 0.001, 'batch': 64, 'stride': 1, 'lr_decay': 0.5}
[s1_enc2] params 30273 | block RMSE 66.06 ± 1.68 | MAE 45.86 | sMAPE 54.1 | best epochs [1, 3]
[s1_k49] {'seq_len': 168, 'label_len': 84, 'd_model': 32, 'n_heads': 4, 'e_layers': 1, 'd_layers': 1, 'd_ff': 64, 'kernel': 49, 'factor': 1.0, 'dropout': 0.05, 'target': 'log', 'cov_mode': 'future', 'lr': 0.001, 'batch': 64, 'stride': 1, 'lr_decay': 0.5}
[s1_k49] params 21953 | block RMSE 67.44 ± 4.31 | MAE 46.36 | sMAPE 53.7 | best epochs [1, 2]
[s1_bs128] {'seq_len': 168, 'label_len': 84, 'd_model': 32, 'n_heads': 4, 'e_layers': 1, 'd_layers': 1, 'd_ff': 64, 'kernel': 25, 'factor': 1.0, 'dropout': 0.05, 'target': 'log', 'cov_mode': 'future', 'lr': 0.001, 'batch': 128, 'stride': 1, 'lr_decay': 0.5}
[s1_bs128] params 21953 | block RMSE 67.73 ± 4.95 | MAE 47.88 | sMAPE 57.2 | best epochs [1, 1]
SWEEP DONE
